---
http_interactions:
- request:
    method: post
    uri: https://api.lokalise.com/api2/projects/672198945b7d72fc048021.15940510/files/upload
    body:
      encoding: UTF-8
      string: '{"data":"LS0tCmVuOgogIGtleV8wOiB2YWx1ZSAw","filename":"en_0.yml","lang_iso":"en"}'
    headers:
      Accept:
      - application/json
      User-Agent:
      - ruby-lokalise-api gem/4.3.1
      X-api-token:
      - "<LOKALISE_TOKEN>"
      Accept-Encoding:
      - gzip,deflate,br
  response:
    status:
      code: 202
      message: Accepted
    headers:
      server:
      - nginx
      date:
      - Thu, 14 Oct 2021 12:34:17 GMT
      content-type:
      - application/json
      transfer-encoding:
      - chunked
      connection:
      - keep-alive
      cache-control:
      - max-age=0, must-revalidate, no-cache, no-store, private
      location:
      - "/api2/projects/672198945b7d72fc048021.15940510/processes/4be1d9b531dde3ce452105be04ac0811e48ca9c8"
      pragma:
      - no-cache
      x-content-type-options:
      - nosniff
      x-frame-options:
      - deny
      x-xss-protection:
      - 1; mode=block
      strict-transport-security:
      - max-age=31536000
      referrer-policy:
      - origin
      expires:
      - Thu, 14 Oct 2021 12:34:17 GMT
    body:
      encoding: UTF-8
      string: '{"project_id":"672198945b7d72fc048021.15940510","branch":"master","process":{"process_id":"4be1d9b531dde3ce452105be04ac0811e48ca9c8","type":"file-import","status":"queued","message":"","created_by":20181,"created_by_email":"bodrovis@protonmail.com","created_at":"2021-10-14
        12:34:17 (Etc\/UTC)","created_at_timestamp":1634214857}}'
  recorded_at: Thu, 14 Oct 2021 12:34:18 GMT
- request:
    method: post
    uri: https://api.lokalise.com/api2/projects/672198945b7d72fc048021.15940510/files/upload
    body:
      encoding: UTF-8
      string: '{"data":"LS0tCmVuOgogIGtleV8xOiB2YWx1ZSAx","filename":"en_1.yml","lang_iso":"en"}'
    headers:
      Accept:
      - application/json
      User-Agent:
      - ruby-lokalise-api gem/4.3.1
      X-api-token:
      - "<LOKALISE_TOKEN>"
      Accept-Encoding:
      - gzip,deflate,br
  response:
    status:
      code: 202
      message: Accepted
    headers:
      server:
      - nginx
      date:
      - Thu, 14 Oct 2021 12:34:18 GMT
      content-type:
      - application/json
      transfer-encoding:
      - chunked
      connection:
      - keep-alive
      cache-control:
      - max-age=0, must-revalidate, no-cache, no-store, private
      location:
      - "/api2/projects/672198945b7d72fc048021.15940510/processes/ac2d4b202abfb2978b7cf0e498f43380e5455d0c"
      pragma:
      - no-cache
      x-content-type-options:
      - nosniff
      x-frame-options:
      - deny
      x-xss-protection:
      - 1; mode=block
      strict-transport-security:
      - max-age=31536000
      referrer-policy:
      - origin
      expires:
      - Thu, 14 Oct 2021 12:34:18 GMT
    body:
      encoding: UTF-8
      string: '{"project_id":"672198945b7d72fc048021.15940510","branch":"master","process":{"process_id":"ac2d4b202abfb2978b7cf0e498f43380e5455d0c","type":"file-import","status":"queued","message":"","created_by":20181,"created_by_email":"bodrovis@protonmail.com","created_at":"2021-10-14
        12:34:18 (Etc\/UTC)","created_at_timestamp":1634214858}}'
  recorded_at: Thu, 14 Oct 2021 12:34:19 GMT
- request:
    method: post
    uri: https://api.lokalise.com/api2/projects/672198945b7d72fc048021.15940510/files/upload
    body:
      encoding: UTF-8
      string: '{"data":"LS0tCmVuOgogIGtleV8yOiB2YWx1ZSAy","filename":"en_2.yml","lang_iso":"en"}'
    headers:
      Accept:
      - application/json
      User-Agent:
      - ruby-lokalise-api gem/4.3.1
      X-api-token:
      - "<LOKALISE_TOKEN>"
      Accept-Encoding:
      - gzip,deflate,br
  response:
    status:
      code: 202
      message: Accepted
    headers:
      server:
      - nginx
      date:
      - Thu, 14 Oct 2021 12:34:19 GMT
      content-type:
      - application/json
      transfer-encoding:
      - chunked
      connection:
      - keep-alive
      cache-control:
      - max-age=0, must-revalidate, no-cache, no-store, private
      location:
      - "/api2/projects/672198945b7d72fc048021.15940510/processes/91810f63d1bb1fa536854a4650f6abdebdcddbf1"
      pragma:
      - no-cache
      x-content-type-options:
      - nosniff
      x-frame-options:
      - deny
      x-xss-protection:
      - 1; mode=block
      strict-transport-security:
      - max-age=31536000
      referrer-policy:
      - origin
      expires:
      - Thu, 14 Oct 2021 12:34:19 GMT
    body:
      encoding: UTF-8
      string: '{"project_id":"672198945b7d72fc048021.15940510","branch":"master","process":{"process_id":"91810f63d1bb1fa536854a4650f6abdebdcddbf1","type":"file-import","status":"queued","message":"","created_by":20181,"created_by_email":"bodrovis@protonmail.com","created_at":"2021-10-14
        12:34:19 (Etc\/UTC)","created_at_timestamp":1634214859}}'
  recorded_at: Thu, 14 Oct 2021 12:34:19 GMT
- request:
    method: post
    uri: https://api.lokalise.com/api2/projects/672198945b7d72fc048021.15940510/files/upload
    body:
      encoding: UTF-8
      string: '{"data":"LS0tCmVuOgogIGtleV8zOiB2YWx1ZSAz","filename":"en_3.yml","lang_iso":"en"}'
    headers:
      Accept:
      - application/json
      User-Agent:
      - ruby-lokalise-api gem/4.3.1
      X-api-token:
      - "<LOKALISE_TOKEN>"
      Accept-Encoding:
      - gzip,deflate,br
  response:
    status:
      code: 202
      message: Accepted
    headers:
      server:
      - nginx
      date:
      - Thu, 14 Oct 2021 12:34:20 GMT
      content-type:
      - application/json
      transfer-encoding:
      - chunked
      connection:
      - keep-alive
      cache-control:
      - max-age=0, must-revalidate, no-cache, no-store, private
      location:
      - "/api2/projects/672198945b7d72fc048021.15940510/processes/50ec7617c1c1d66bb63f998c318092f298430f69"
      pragma:
      - no-cache
      x-content-type-options:
      - nosniff
      x-frame-options:
      - deny
      x-xss-protection:
      - 1; mode=block
      strict-transport-security:
      - max-age=31536000
      referrer-policy:
      - origin
      expires:
      - Thu, 14 Oct 2021 12:34:20 GMT
    body:
      encoding: UTF-8
      string: '{"project_id":"672198945b7d72fc048021.15940510","branch":"master","process":{"process_id":"50ec7617c1c1d66bb63f998c318092f298430f69","type":"file-import","status":"queued","message":"","created_by":20181,"created_by_email":"bodrovis@protonmail.com","created_at":"2021-10-14
        12:34:20 (Etc\/UTC)","created_at_timestamp":1634214860}}'
  recorded_at: Thu, 14 Oct 2021 12:34:20 GMT
- request:
    method: post
    uri: https://api.lokalise.com/api2/projects/672198945b7d72fc048021.15940510/files/upload
    body:
      encoding: UTF-8
      string: '{"data":"LS0tCmVuOgogIGtleV80OiB2YWx1ZSA0","filename":"en_4.yml","lang_iso":"en"}'
    headers:
      Accept:
      - application/json
      User-Agent:
      - ruby-lokalise-api gem/4.3.1
      X-api-token:
      - "<LOKALISE_TOKEN>"
      Accept-Encoding:
      - gzip,deflate,br
  response:
    status:
      code: 202
      message: Accepted
    headers:
      server:
      - nginx
      date:
      - Thu, 14 Oct 2021 12:34:20 GMT
      content-type:
      - application/json
      transfer-encoding:
      - chunked
      connection:
      - keep-alive
      cache-control:
      - max-age=0, must-revalidate, no-cache, no-store, private
      location:
      - "/api2/projects/672198945b7d72fc048021.15940510/processes/17a7c1260e914d81575931221b65c728d38558a1"
      pragma:
      - no-cache
      x-content-type-options:
      - nosniff
      x-frame-options:
      - deny
      x-xss-protection:
      - 1; mode=block
      strict-transport-security:
      - max-age=31536000
      referrer-policy:
      - origin
      expires:
      - Thu, 14 Oct 2021 12:34:20 GMT
    body:
      encoding: UTF-8
      string: '{"project_id":"672198945b7d72fc048021.15940510","branch":"master","process":{"process_id":"17a7c1260e914d81575931221b65c728d38558a1","type":"file-import","status":"queued","message":"","created_by":20181,"created_by_email":"bodrovis@protonmail.com","created_at":"2021-10-14
        12:34:20 (Etc\/UTC)","created_at_timestamp":1634214860}}'
  recorded_at: Thu, 14 Oct 2021 12:34:21 GMT
- request:
    method: post
    uri: https://api.lokalise.com/api2/projects/672198945b7d72fc048021.15940510/files/upload
    body:
      encoding: UTF-8
      string: '{"data":"ZW46CiAgbXlfa2V5OiAiTXkgdmFsdWUiCiAgbmVzdGVkOgogICAga2V5OiAiVmFsdWUgMiI=","filename":"nested/en.yml","lang_iso":"en"}'
    headers:
      Accept:
      - application/json
      User-Agent:
      - ruby-lokalise-api gem/4.3.1
      X-api-token:
      - "<LOKALISE_TOKEN>"
      Accept-Encoding:
      - gzip,deflate,br
  response:
    status:
      code: 202
      message: Accepted
    headers:
      server:
      - nginx
      date:
      - Thu, 14 Oct 2021 12:34:21 GMT
      content-type:
      - application/json
      transfer-encoding:
      - chunked
      connection:
      - keep-alive
      cache-control:
      - max-age=0, must-revalidate, no-cache, no-store, private
      location:
      - "/api2/projects/672198945b7d72fc048021.15940510/processes/1cb5656120d87324cf3fd6908d215a94e9c4500d"
      pragma:
      - no-cache
      x-content-type-options:
      - nosniff
      x-frame-options:
      - deny
      x-xss-protection:
      - 1; mode=block
      strict-transport-security:
      - max-age=31536000
      referrer-policy:
      - origin
      expires:
      - Thu, 14 Oct 2021 12:34:21 GMT
    body:
      encoding: UTF-8
      string: '{"project_id":"672198945b7d72fc048021.15940510","branch":"master","process":{"process_id":"1cb5656120d87324cf3fd6908d215a94e9c4500d","type":"file-import","status":"queued","message":"","created_by":20181,"created_by_email":"bodrovis@protonmail.com","created_at":"2021-10-14
        12:34:21 (Etc\/UTC)","created_at_timestamp":1634214861}}'
  recorded_at: Thu, 14 Oct 2021 12:34:21 GMT
- request:
    method: post
    uri: https://api.lokalise.com/api2/projects/672198945b7d72fc048021.15940510/files/upload
    body:
      encoding: UTF-8
      string: '{"data":"cnVfUlU6CiAgbXlfa2V5OiAi0JzQvtGRINC30L3QsNGH0LXQvdC40LUiCiAgbmVzdGVkOgogICAga2V5OiAi0JfQvdCw0YfQtdC90LjQtSAyIg==","filename":"ru.yml","lang_iso":"ru_RU"}'
    headers:
      Accept:
      - application/json
      User-Agent:
      - ruby-lokalise-api gem/4.3.1
      X-api-token:
      - "<LOKALISE_TOKEN>"
      Accept-Encoding:
      - gzip,deflate,br
  response:
    status:
      code: 202
      message: Accepted
    headers:
      server:
      - nginx
      date:
      - Thu, 14 Oct 2021 12:34:22 GMT
      content-type:
      - application/json
      transfer-encoding:
      - chunked
      connection:
      - keep-alive
      cache-control:
      - max-age=0, must-revalidate, no-cache, no-store, private
      location:
      - "/api2/projects/672198945b7d72fc048021.15940510/processes/4ea4755620af985b7d20ce05ec0dc683b24639b0"
      pragma:
      - no-cache
      x-content-type-options:
      - nosniff
      x-frame-options:
      - deny
      x-xss-protection:
      - 1; mode=block
      strict-transport-security:
      - max-age=31536000
      referrer-policy:
      - origin
      expires:
      - Thu, 14 Oct 2021 12:34:22 GMT
    body:
      encoding: UTF-8
      string: '{"project_id":"672198945b7d72fc048021.15940510","branch":"master","process":{"process_id":"4ea4755620af985b7d20ce05ec0dc683b24639b0","type":"file-import","status":"queued","message":"","created_by":20181,"created_by_email":"bodrovis@protonmail.com","created_at":"2021-10-14
        12:34:22 (Etc\/UTC)","created_at_timestamp":1634214862}}'
  recorded_at: Thu, 14 Oct 2021 12:34:22 GMT
recorded_with: VCR 6.0.0
